  Determining projects to restore...
  All projects are up-to-date for restore.
  GscTracking.Api -> /home/runner/work/gsc-tracking/gsc-tracking/backend/GscTracking.Api/bin/Debug/net10.0/GscTracking.Api.dll
  GscTracking.Api.Tests -> /home/runner/work/gsc-tracking/gsc-tracking/backend/GscTracking.Api.Tests/bin/Debug/net10.0/GscTracking.Api.Tests.dll
Test run for /home/runner/work/gsc-tracking/gsc-tracking/backend/GscTracking.Api.Tests/bin/Debug/net10.0/GscTracking.Api.Tests.dll (.NETCoreApp,Version=v10.0)
VSTest version 18.0.1 (x64)

Starting test execution, please wait...
A total of 1 test files matched the specified pattern.

Passed!  - Failed:     0, Passed:    84, Skipped:     0, Total:    84, Duration: 1 s - GscTracking.Api.Tests.dll (net10.0)
